// Jest Snapshot v1, https://goo.gl/fbAQLP

exports[`createVerifiableSignature given: rsa algorithm when: provided an rsa key then: create verifiable signature 1`] = `"GTpV_xVR7RBtkI9IFvi9ct6nixEas80j8DSuE0NRWcPjZk02opg-Ifc980HWuaBr-Kcn5-8jtSFKprl4g_Z_n4AgMQInYn63gMNneEfmeVOeqTBvJ4I03nSQ3StKydZk1G5rDm42FTjA6QfVDwojWDP19RC1eLhlUcAhQCr_mh7F23Qul8_B9c6pO1UrMKvYv9LT4USuffDY7E0IDj6HS97CrjYJIrmYeUkQFbWhJxzC6euTaRyqDiQfsSpc0MYcN-mwFwUVMtKkhlfnAq5IC68iqSP__jvpEhSFo8PkuSLFc3-1FLdBSYb6KqSvx6gtca60P16681RLkhRQKx5nCEGcDVexm1W_totb9ZcFxCHp19BJU7XgdCf2uLJCmruIMIwJ5uQhcU9axTShR7005tqDLm0wn_pLG1ckKtsOzcmtR8li34HPdfN39CWL0nmPGIgLQKzBfvnqzVYS9-8g6ddqnfDzBOgia-TyNC599ZLK2-8yrtb3kbclSBRDM2yD3CFbHBdZ9q-sLdbnQ8zohhd1R5pNq0JutF7b6Pm-SrjDkMxKbG5eIA8-4J0fh1rqScjQzoS5Kv_OjQwQ2dZKubGkR9CFuDnPLbkkbjsB0J-5Bx-2AU2RyjW0_QID87lw9k18LaVQWvkkECHis-sPXkfwbRoJHa5b5ww-sT_pcJU"`;
